// Jest Snapshot v1, https://goo.gl/fbAQLP

exports[`Components RightSection should match snapshot 1`] = `
<View
  style={
    Array [
      Object {
        "backgroundColor": "#948b76",
        "flexBasis": 0,
        "flexGrow": 0.485,
        "flexShrink": 1,
        "height": 300,
      },
    ]
  }
/>
`;
