// Jest Snapshot v1, https://goo.gl/fbAQLP

exports[`Scenes Home should match snapshot 1`] = `
<RCTScrollView>
  <View>
    <View
      style={
        Array [
          Object {
            "backgroundColor": "#4f5927",
            "height": 80,
          },
        ]
      }
    />
    <View>
      <View
        style={
          Array [
            Object {
              "backgroundColor": "#fce0a7",
              "height": 600,
              "marginBottom": 10,
              "marginTop": 10,
            },
          ]
        }
      />
      <View
        style={
          Array [
            Object {
              "flexDirection": "row",
              "justifyContent": "space-between",
            },
          ]
        }
      >
        <View
          style={
            Array [
              Object {
                "backgroundColor": "#68933a",
                "flexBasis": 0,
                "flexGrow": 0.485,
                "flexShrink": 1,
                "height": 300,
              },
            ]
          }
        />
        <View
          style={
            Array [
              Object {
                "backgroundColor": "#948b76",
                "flexBasis": 0,
                "flexGrow": 0.485,
                "flexShrink": 1,
                "height": 300,
              },
            ]
          }
        />
      </View>
      <View
        style={
          Array [
            Object {
              "backgroundColor": "#f5d36a",
              "height": 600,
              "marginBottom": 10,
              "marginTop": 10,
            },
          ]
        }
      />
    </View>
    <View
      style={
        Array [
          Object {
            "alignItems": "center",
            "backgroundColor": "#fce0a7",
            "height": 250,
            "justifyContent": "center",
          },
        ]
      }
    >
      <View
        accessible={true}
        focusable={false}
        onClick={[Function]}
        onResponderGrant={[Function]}
        onResponderMove={[Function]}
        onResponderRelease={[Function]}
        onResponderTerminate={[Function]}
        onResponderTerminationRequest={[Function]}
        onStartShouldSetResponder={[Function]}
        style={
          Object {
            "backgroundColor": "#f8d332",
            "borderRadius": 25,
            "borderWidth": 1,
            "opacity": 1,
            "paddingBottom": 10,
            "paddingLeft": 35,
            "paddingRight": 35,
            "paddingTop": 10,
          }
        }
      >
        <Text
          style={
            Array [
              Object {
                "fontSize": 18,
              },
            ]
          }
        >
          Click here!
        </Text>
      </View>
    </View>
  </View>
</RCTScrollView>
`;
